four-way-life: observer [@address, "127.0.0.1", 35465]
FOUR-WAY-LIFE seed=42 size=60x40
GEN 0 497593190
GEN 1 772008918
GEN 2 65433240
GEN 3 346268567
GEN 4 99309836
GEN 5 332457275
GEN 6 689680956
GEN 7 861226025
GEN 8 648985015
GEN 9 721759576
GEN 10 939306681
GEN 11 573160045
GEN 12 871458763
GEN 13 11779203
GEN 14 542543708
GEN 15 806918818
GEN 16 947375957
GEN 17 267100055
GEN 18 238717587
GEN 19 199570230
GEN 20 900222697
GEN 21 413930258
GEN 22 850033068
GEN 23 731246061
GEN 24 909758362
GEN 25 59745916
GEN 26 261094002
GEN 27 295719101
GEN 28 11878183
GEN 29 331990363
GEN 30 469129609
GEN 31 670696567
GEN 32 220224907
GEN 33 654338279
GEN 34 14009532
GEN 35 787538501
GEN 36 460098217
GEN 37 411533598
CLOSED
